Errors suppressed

rails_app$ irb
irb(main):002:0> require 'config/environment'
=> true
irb(main):004:0> prop = Property.find_by_name("Evil")
=> #<Property:0xb763adec @attributes={"name"=>"Evil", "coolness"=>"0", "id"=>"3", "known_upto"=>"10000", "definition"=>"Those with an even number of 1s in the binary representation"}>
irb(main):007:0> prop.load_from_file("db/properties/evil.file")
=> [3, 5, 6, 9, 10, ..., 9999]
irb(main):008:0> Property.properties_of(3)
=> [#<Property:0xb74688fc @attributes={"name"=>"Evil", "coolness"=>"0", "id"=>"3", "known_upto"=>"10000", "definition"=>"Those with an even number of 1s in the binary representation"}>, #<Property:0xb7465b70 @attributes={"name"=>"Fibonacci", "coolness"=>"1", "id"=>"1", "known_upto"=>"2", "definition"=>"The Fibonacci numbers"}>]
irb(main):009:0> quit


Property.find(:all).each { |prop| prop.load_from_file }

gets all the currently file'd ones.
